<?xml version="1.0" encoding="UTF-8"?>
<TestRun id="96644564-f18a-469e-b651-ae258e8ad60e" name="dabed@MIC5925 2010-06-14 11:26:52" runUser="RUSSELL\dabed" xmlns="http://microsoft.com/schemas/VisualStudio/TeamTest/2006">
  <TestRunConfiguration name="Default Run Configuration" id="14bc31b6-d318-4fe9-81e4-ba4f458d4b93">
    <Deployment runDeploymentRoot="D:\perso\PortableGit-1.7.0.2\MatozDz\TestResults\dabed_MIC5925 2010-06-14 11_26_52">
      <DeploymentItem filename="D:\perso\PortableGit-1.7.0.2\MatozDz\MatozDz\bin\MatozDz.dll" />
    </Deployment>
    <Hosts skipUnhostableTests="false" />
    <TestTypeSpecific />
  </TestRunConfiguration>
  <ResultSummary outcome="Failed">
    <Counters total="26" executed="26" error="0" failed="26" timeout="0" aborted="0" inconclusive="0" passedButRunAborted="0" notRunnable="0" notExecuted="0" disconnected="0" warning="0" passed="0" completed="0" inProgress="0" pending="0" />
  </ResultSummary>
  <Times creation="2010-06-14T11:26:52.1139538-04:00" queuing="2010-06-14T11:26:52.4422258-04:00" start="2010-06-14T11:26:52.6298098-04:00" finish="2010-06-14T11:26:53.2081938-04:00" />
  <TestDefinitions>
    <UnitTest name="ChangePasswordPostReturnsViewIfCurrentPasswordNotSpecified" storage="d:\perso\portablegit-1.7.0.2\matozdz\matozdz.tests\bin\debug\matozdz.tests.dll" id="3c5750ae-d54e-5654-b6dd-fb7660f6e6d6">
      <Css projectStructure="" iteration="" />
      <Owners>
        <Owner name="" />
      </Owners>
      <Execution id="cb9154cf-dfa2-4a45-a8c4-5203b6535f76" />
      <TestMethod codeBase="D:\perso\PortableGit-1.7.0.2\MatozDz\MatozDz.Tests\bin\Debug\MatozDz.Tests.dll" adapterTypeName="Microsoft.VisualStudio.TestTools.TestTypes.Unit.UnitTestAdapter, Microsoft.VisualStudio.QualityTools.Tips.UnitTest.Adapter, Version=9.0.0.0, Culture=neutral, PublicKeyToken=b03f5f7f11d50a3a" className="MatozDz.Tests.Controllers.AccountControllerTest, MatozDz.Tests" name="ChangePasswordPostReturnsViewIfCurrentPasswordNotSpecified" />
    </UnitTest>
    <UnitTest name="RegisterPostReturnsViewIfNewPasswordDoesNotMatchConfirmPassword" storage="d:\perso\portablegit-1.7.0.2\matozdz\matozdz.tests\bin\debug\matozdz.tests.dll" id="7b72557b-f4f3-0169-4308-2f572e39d95b">
      <Css projectStructure="" iteration="" />
      <Owners>
        <Owner name="" />
      </Owners>
      <Execution id="4c83fafe-2763-48b5-869c-f5f63e6d61c3" />
      <TestMethod codeBase="D:\perso\PortableGit-1.7.0.2\MatozDz\MatozDz.Tests\bin\Debug\MatozDz.Tests.dll" adapterTypeName="Microsoft.VisualStudio.TestTools.TestTypes.Unit.UnitTestAdapter, Microsoft.VisualStudio.QualityTools.Tips.UnitTest.Adapter, Version=9.0.0.0, Culture=neutral, PublicKeyToken=b03f5f7f11d50a3a" className="MatozDz.Tests.Controllers.AccountControllerTest, MatozDz.Tests" name="RegisterPostReturnsViewIfNewPasswordDoesNotMatchConfirmPassword" />
    </UnitTest>
    <UnitTest name="LogOff" storage="d:\perso\portablegit-1.7.0.2\matozdz\matozdz.tests\bin\debug\matozdz.tests.dll" id="9828ba1b-a8c2-15f7-91c2-4d06e2eeb36e">
      <Css projectStructure="" iteration="" />
      <Owners>
        <Owner name="" />
      </Owners>
      <Execution id="f8891752-0c0f-4048-889a-78514ff6d32c" />
      <TestMethod codeBase="D:\perso\PortableGit-1.7.0.2\MatozDz\MatozDz.Tests\bin\Debug\MatozDz.Tests.dll" adapterTypeName="Microsoft.VisualStudio.TestTools.TestTypes.Unit.UnitTestAdapter, Microsoft.VisualStudio.QualityTools.Tips.UnitTest.Adapter, Version=9.0.0.0, Culture=neutral, PublicKeyToken=b03f5f7f11d50a3a" className="MatozDz.Tests.Controllers.AccountControllerTest, MatozDz.Tests" name="LogOff" />
    </UnitTest>
    <UnitTest name="ChangePasswordPostReturnsViewIfNewPasswordIsTooShort" storage="d:\perso\portablegit-1.7.0.2\matozdz\matozdz.tests\bin\debug\matozdz.tests.dll" id="92d750e1-a809-cb20-7701-0c6a27c4f0cf">
      <Css projectStructure="" iteration="" />
      <Owners>
        <Owner name="" />
      </Owners>
      <Execution id="d3bd093e-b49a-4e5b-9b47-ba23a4788ea8" />
      <TestMethod codeBase="D:\perso\PortableGit-1.7.0.2\MatozDz\MatozDz.Tests\bin\Debug\MatozDz.Tests.dll" adapterTypeName="Microsoft.VisualStudio.TestTools.TestTypes.Unit.UnitTestAdapter, Microsoft.VisualStudio.QualityTools.Tips.UnitTest.Adapter, Version=9.0.0.0, Culture=neutral, PublicKeyToken=b03f5f7f11d50a3a" className="MatozDz.Tests.Controllers.AccountControllerTest, MatozDz.Tests" name="ChangePasswordPostReturnsViewIfNewPasswordIsTooShort" />
    </UnitTest>
    <UnitTest name="ChangePasswordGetReturnsView" storage="d:\perso\portablegit-1.7.0.2\matozdz\matozdz.tests\bin\debug\matozdz.tests.dll" id="0a7f453c-5904-f2bf-f36a-5014a7c89ed4">
      <Css projectStructure="" iteration="" />
      <Owners>
        <Owner name="" />
      </Owners>
      <Execution id="8755e7f9-0437-441b-aeec-e08bd04aa9c9" />
      <TestMethod codeBase="D:\perso\PortableGit-1.7.0.2\MatozDz\MatozDz.Tests\bin\Debug\MatozDz.Tests.dll" adapterTypeName="Microsoft.VisualStudio.TestTools.TestTypes.Unit.UnitTestAdapter, Microsoft.VisualStudio.QualityTools.Tips.UnitTest.Adapter, Version=9.0.0.0, Culture=neutral, PublicKeyToken=b03f5f7f11d50a3a" className="MatozDz.Tests.Controllers.AccountControllerTest, MatozDz.Tests" name="ChangePasswordGetReturnsView" />
    </UnitTest>
    <UnitTest name="RegisterPostReturnsViewIfEmailNotSpecified" storage="d:\perso\portablegit-1.7.0.2\matozdz\matozdz.tests\bin\debug\matozdz.tests.dll" id="cf856182-5fe9-6fbf-d16d-6d11bbb2deb5">
      <Css projectStructure="" iteration="" />
      <Owners>
        <Owner name="" />
      </Owners>
      <Execution id="e9f1d7cc-90fa-4aa6-ba80-19793039dd35" />
      <TestMethod codeBase="D:\perso\PortableGit-1.7.0.2\MatozDz\MatozDz.Tests\bin\Debug\MatozDz.Tests.dll" adapterTypeName="Microsoft.VisualStudio.TestTools.TestTypes.Unit.UnitTestAdapter, Microsoft.VisualStudio.QualityTools.Tips.UnitTest.Adapter, Version=9.0.0.0, Culture=neutral, PublicKeyToken=b03f5f7f11d50a3a" className="MatozDz.Tests.Controllers.AccountControllerTest, MatozDz.Tests" name="RegisterPostReturnsViewIfEmailNotSpecified" />
    </UnitTest>
    <UnitTest name="RegisterGet" storage="d:\perso\portablegit-1.7.0.2\matozdz\matozdz.tests\bin\debug\matozdz.tests.dll" id="a6791254-787a-fa12-3c28-68b847a3aee2">
      <Css projectStructure="" iteration="" />
      <Owners>
        <Owner name="" />
      </Owners>
      <Execution id="a2eea15b-1121-4712-941a-fb0fb332c9c4" />
      <TestMethod codeBase="D:\perso\PortableGit-1.7.0.2\MatozDz\MatozDz.Tests\bin\Debug\MatozDz.Tests.dll" adapterTypeName="Microsoft.VisualStudio.TestTools.TestTypes.Unit.UnitTestAdapter, Microsoft.VisualStudio.QualityTools.Tips.UnitTest.Adapter, Version=9.0.0.0, Culture=neutral, PublicKeyToken=b03f5f7f11d50a3a" className="MatozDz.Tests.Controllers.AccountControllerTest, MatozDz.Tests" name="RegisterGet" />
    </UnitTest>
    <UnitTest name="LoginPostReturnsViewIfPasswordNotSpecified" storage="d:\perso\portablegit-1.7.0.2\matozdz\matozdz.tests\bin\debug\matozdz.tests.dll" id="b24967be-a82a-c881-175f-f8c4b7f521fb">
      <Css projectStructure="" iteration="" />
      <Owners>
        <Owner name="" />
      </Owners>
      <Execution id="75c6448f-194f-4950-a3a9-d191d7fbaaf0" />
      <TestMethod codeBase="D:\perso\PortableGit-1.7.0.2\MatozDz\MatozDz.Tests\bin\Debug\MatozDz.Tests.dll" adapterTypeName="Microsoft.VisualStudio.TestTools.TestTypes.Unit.UnitTestAdapter, Microsoft.VisualStudio.QualityTools.Tips.UnitTest.Adapter, Version=9.0.0.0, Culture=neutral, PublicKeyToken=b03f5f7f11d50a3a" className="MatozDz.Tests.Controllers.AccountControllerTest, MatozDz.Tests" name="LoginPostReturnsViewIfPasswordNotSpecified" />
    </UnitTest>
    <UnitTest name="ChangePasswordPostRedirectsOnSuccess" storage="d:\perso\portablegit-1.7.0.2\matozdz\matozdz.tests\bin\debug\matozdz.tests.dll" id="069d5d8f-e259-5dce-f1c0-6904771e0a23">
      <Css projectStructure="" iteration="" />
      <Owners>
        <Owner name="" />
      </Owners>
      <Execution id="81a2dd49-c851-4184-a507-60da1b4fe10e" />
      <TestMethod codeBase="D:\perso\PortableGit-1.7.0.2\MatozDz\MatozDz.Tests\bin\Debug\MatozDz.Tests.dll" adapterTypeName="Microsoft.VisualStudio.TestTools.TestTypes.Unit.UnitTestAdapter, Microsoft.VisualStudio.QualityTools.Tips.UnitTest.Adapter, Version=9.0.0.0, Culture=neutral, PublicKeyToken=b03f5f7f11d50a3a" className="MatozDz.Tests.Controllers.AccountControllerTest, MatozDz.Tests" name="ChangePasswordPostRedirectsOnSuccess" />
    </UnitTest>
    <UnitTest name="LoginPostReturnsViewIfUsernameOrPasswordIsIncorrect" storage="d:\perso\portablegit-1.7.0.2\matozdz\matozdz.tests\bin\debug\matozdz.tests.dll" id="37dfb60e-7e9f-c930-6c91-2137f5e7feb2">
      <Css projectStructure="" iteration="" />
      <Owners>
        <Owner name="" />
      </Owners>
      <Execution id="ac8a574e-c7af-4b9d-8673-72333da92dd5" />
      <TestMethod codeBase="D:\perso\PortableGit-1.7.0.2\MatozDz\MatozDz.Tests\bin\Debug\MatozDz.Tests.dll" adapterTypeName="Microsoft.VisualStudio.TestTools.TestTypes.Unit.UnitTestAdapter, Microsoft.VisualStudio.QualityTools.Tips.UnitTest.Adapter, Version=9.0.0.0, Culture=neutral, PublicKeyToken=b03f5f7f11d50a3a" className="MatozDz.Tests.Controllers.AccountControllerTest, MatozDz.Tests" name="LoginPostReturnsViewIfUsernameOrPasswordIsIncorrect" />
    </UnitTest>
    <UnitTest name="LoginPostRedirectsToReturnUrlIfLoginSuccessfulAndReturnUrlGiven" storage="d:\perso\portablegit-1.7.0.2\matozdz\matozdz.tests\bin\debug\matozdz.tests.dll" id="b5aeb3df-c1ca-fb3a-8002-27672db6307f">
      <Css projectStructure="" iteration="" />
      <Owners>
        <Owner name="" />
      </Owners>
      <Execution id="e6784db9-d839-48cc-8ea5-efb69a5805cb" />
      <TestMethod codeBase="D:\perso\PortableGit-1.7.0.2\MatozDz\MatozDz.Tests\bin\Debug\MatozDz.Tests.dll" adapterTypeName="Microsoft.VisualStudio.TestTools.TestTypes.Unit.UnitTestAdapter, Microsoft.VisualStudio.QualityTools.Tips.UnitTest.Adapter, Version=9.0.0.0, Culture=neutral, PublicKeyToken=b03f5f7f11d50a3a" className="MatozDz.Tests.Controllers.AccountControllerTest, MatozDz.Tests" name="LoginPostRedirectsToReturnUrlIfLoginSuccessfulAndReturnUrlGiven" />
    </UnitTest>
    <UnitTest name="ChangePasswordPostReturnsViewIfNewPasswordIsNull" storage="d:\perso\portablegit-1.7.0.2\matozdz\matozdz.tests\bin\debug\matozdz.tests.dll" id="8e8d4803-cf26-e534-24b3-73c5a0178cdf">
      <Css projectStructure="" iteration="" />
      <Owners>
        <Owner name="" />
      </Owners>
      <Execution id="6e987a7d-2188-4a04-90fc-23a240ed71fc" />
      <TestMethod codeBase="D:\perso\PortableGit-1.7.0.2\MatozDz\MatozDz.Tests\bin\Debug\MatozDz.Tests.dll" adapterTypeName="Microsoft.VisualStudio.TestTools.TestTypes.Unit.UnitTestAdapter, Microsoft.VisualStudio.QualityTools.Tips.UnitTest.Adapter, Version=9.0.0.0, Culture=neutral, PublicKeyToken=b03f5f7f11d50a3a" className="MatozDz.Tests.Controllers.AccountControllerTest, MatozDz.Tests" name="ChangePasswordPostReturnsViewIfNewPasswordIsNull" />
    </UnitTest>
    <UnitTest name="ConstructorSetsProperties" storage="d:\perso\portablegit-1.7.0.2\matozdz\matozdz.tests\bin\debug\matozdz.tests.dll" id="1445f4ea-da88-ebf0-d788-652b3f12165b">
      <Css projectStructure="" iteration="" />
      <Owners>
        <Owner name="" />
      </Owners>
      <Execution id="b87c5ff2-ed92-4f03-876e-b58d158db453" />
      <TestMethod codeBase="D:\perso\PortableGit-1.7.0.2\MatozDz\MatozDz.Tests\bin\Debug\MatozDz.Tests.dll" adapterTypeName="Microsoft.VisualStudio.TestTools.TestTypes.Unit.UnitTestAdapter, Microsoft.VisualStudio.QualityTools.Tips.UnitTest.Adapter, Version=9.0.0.0, Culture=neutral, PublicKeyToken=b03f5f7f11d50a3a" className="MatozDz.Tests.Controllers.AccountControllerTest, MatozDz.Tests" name="ConstructorSetsProperties" />
    </UnitTest>
    <UnitTest name="RegisterPostReturnsViewIfPasswordIsNull" storage="d:\perso\portablegit-1.7.0.2\matozdz\matozdz.tests\bin\debug\matozdz.tests.dll" id="ca92acac-163e-4e33-d2ba-d002704af95a">
      <Css projectStructure="" iteration="" />
      <Owners>
        <Owner name="" />
      </Owners>
      <Execution id="3b411069-705e-4d1e-9f1e-82e278ebcc9b" />
      <TestMethod codeBase="D:\perso\PortableGit-1.7.0.2\MatozDz\MatozDz.Tests\bin\Debug\MatozDz.Tests.dll" adapterTypeName="Microsoft.VisualStudio.TestTools.TestTypes.Unit.UnitTestAdapter, Microsoft.VisualStudio.QualityTools.Tips.UnitTest.Adapter, Version=9.0.0.0, Culture=neutral, PublicKeyToken=b03f5f7f11d50a3a" className="MatozDz.Tests.Controllers.AccountControllerTest, MatozDz.Tests" name="RegisterPostReturnsViewIfPasswordIsNull" />
    </UnitTest>
    <UnitTest name="RegisterPostReturnsViewIfUsernameNotSpecified" storage="d:\perso\portablegit-1.7.0.2\matozdz\matozdz.tests\bin\debug\matozdz.tests.dll" id="867e847b-45ad-8c3d-cba2-19573cbd72dd">
      <Css projectStructure="" iteration="" />
      <Owners>
        <Owner name="" />
      </Owners>
      <Execution id="3f1fcbc4-ed5a-4d1b-85cf-b25b6c1ddf90" />
      <TestMethod codeBase="D:\perso\PortableGit-1.7.0.2\MatozDz\MatozDz.Tests\bin\Debug\MatozDz.Tests.dll" adapterTypeName="Microsoft.VisualStudio.TestTools.TestTypes.Unit.UnitTestAdapter, Microsoft.VisualStudio.QualityTools.Tips.UnitTest.Adapter, Version=9.0.0.0, Culture=neutral, PublicKeyToken=b03f5f7f11d50a3a" className="MatozDz.Tests.Controllers.AccountControllerTest, MatozDz.Tests" name="RegisterPostReturnsViewIfUsernameNotSpecified" />
    </UnitTest>
    <UnitTest name="ConstructorSetsPropertiesToDefaultValues" storage="d:\perso\portablegit-1.7.0.2\matozdz\matozdz.tests\bin\debug\matozdz.tests.dll" id="84207a5e-5ea6-d259-f96c-6824da00e75b">
      <Css projectStructure="" iteration="" />
      <Owners>
        <Owner name="" />
      </Owners>
      <Execution id="d42cd815-1a5d-4eb6-8897-02e8d967bff0" />
      <TestMethod codeBase="D:\perso\PortableGit-1.7.0.2\MatozDz\MatozDz.Tests\bin\Debug\MatozDz.Tests.dll" adapterTypeName="Microsoft.VisualStudio.TestTools.TestTypes.Unit.UnitTestAdapter, Microsoft.VisualStudio.QualityTools.Tips.UnitTest.Adapter, Version=9.0.0.0, Culture=neutral, PublicKeyToken=b03f5f7f11d50a3a" className="MatozDz.Tests.Controllers.AccountControllerTest, MatozDz.Tests" name="ConstructorSetsPropertiesToDefaultValues" />
    </UnitTest>
    <UnitTest name="RegisterPostRedirectsHomeIfRegistrationSuccessful" storage="d:\perso\portablegit-1.7.0.2\matozdz\matozdz.tests\bin\debug\matozdz.tests.dll" id="6ebb0810-211a-a4e1-775c-fe38b606a877">
      <Css projectStructure="" iteration="" />
      <Owners>
        <Owner name="" />
      </Owners>
      <Execution id="a9119af0-d15b-4f72-992b-f46c470aeec7" />
      <TestMethod codeBase="D:\perso\PortableGit-1.7.0.2\MatozDz\MatozDz.Tests\bin\Debug\MatozDz.Tests.dll" adapterTypeName="Microsoft.VisualStudio.TestTools.TestTypes.Unit.UnitTestAdapter, Microsoft.VisualStudio.QualityTools.Tips.UnitTest.Adapter, Version=9.0.0.0, Culture=neutral, PublicKeyToken=b03f5f7f11d50a3a" className="MatozDz.Tests.Controllers.AccountControllerTest, MatozDz.Tests" name="RegisterPostRedirectsHomeIfRegistrationSuccessful" />
    </UnitTest>
    <UnitTest name="ChangePasswordSuccess" storage="d:\perso\portablegit-1.7.0.2\matozdz\matozdz.tests\bin\debug\matozdz.tests.dll" id="31643a1b-5291-6a2e-6366-2be1fd54189a">
      <Css projectStructure="" iteration="" />
      <Owners>
        <Owner name="" />
      </Owners>
      <Execution id="ebf79ac4-3672-4a38-a513-86fe91fd60ed" />
      <TestMethod codeBase="D:\perso\PortableGit-1.7.0.2\MatozDz\MatozDz.Tests\bin\Debug\MatozDz.Tests.dll" adapterTypeName="Microsoft.VisualStudio.TestTools.TestTypes.Unit.UnitTestAdapter, Microsoft.VisualStudio.QualityTools.Tips.UnitTest.Adapter, Version=9.0.0.0, Culture=neutral, PublicKeyToken=b03f5f7f11d50a3a" className="MatozDz.Tests.Controllers.AccountControllerTest, MatozDz.Tests" name="ChangePasswordSuccess" />
    </UnitTest>
    <UnitTest name="ChangePasswordPostReturnsViewIfNewPasswordDoesNotMatchConfirmPassword" storage="d:\perso\portablegit-1.7.0.2\matozdz\matozdz.tests\bin\debug\matozdz.tests.dll" id="4b61dc4a-c50c-c234-4639-aea86125e359">
      <Css projectStructure="" iteration="" />
      <Owners>
        <Owner name="" />
      </Owners>
      <Execution id="2af732e9-757b-412a-ac48-2c97972efde0" />
      <TestMethod codeBase="D:\perso\PortableGit-1.7.0.2\MatozDz\MatozDz.Tests\bin\Debug\MatozDz.Tests.dll" adapterTypeName="Microsoft.VisualStudio.TestTools.TestTypes.Unit.UnitTestAdapter, Microsoft.VisualStudio.QualityTools.Tips.UnitTest.Adapter, Version=9.0.0.0, Culture=neutral, PublicKeyToken=b03f5f7f11d50a3a" className="MatozDz.Tests.Controllers.AccountControllerTest, MatozDz.Tests" name="ChangePasswordPostReturnsViewIfNewPasswordDoesNotMatchConfirmPassword" />
    </UnitTest>
    <UnitTest name="LoginGet" storage="d:\perso\portablegit-1.7.0.2\matozdz\matozdz.tests\bin\debug\matozdz.tests.dll" id="03361f2c-a02a-fdcd-b9b9-2e8f894080d1">
      <Css projectStructure="" iteration="" />
      <Owners>
        <Owner name="" />
      </Owners>
      <Execution id="c87d768e-5eee-462c-8eff-2f61461608c1" />
      <TestMethod codeBase="D:\perso\PortableGit-1.7.0.2\MatozDz\MatozDz.Tests\bin\Debug\MatozDz.Tests.dll" adapterTypeName="Microsoft.VisualStudio.TestTools.TestTypes.Unit.UnitTestAdapter, Microsoft.VisualStudio.QualityTools.Tips.UnitTest.Adapter, Version=9.0.0.0, Culture=neutral, PublicKeyToken=b03f5f7f11d50a3a" className="MatozDz.Tests.Controllers.AccountControllerTest, MatozDz.Tests" name="LoginGet" />
    </UnitTest>
    <UnitTest name="RegisterPostReturnsViewIfPasswordIsTooShort" storage="d:\perso\portablegit-1.7.0.2\matozdz\matozdz.tests\bin\debug\matozdz.tests.dll" id="5cea7934-393b-e1e2-618f-1997dd69098a">
      <Css projectStructure="" iteration="" />
      <Owners>
        <Owner name="" />
      </Owners>
      <Execution id="b2ced3f6-c322-4378-b67b-2297b53ca0fd" />
      <TestMethod codeBase="D:\perso\PortableGit-1.7.0.2\MatozDz\MatozDz.Tests\bin\Debug\MatozDz.Tests.dll" adapterTypeName="Microsoft.VisualStudio.TestTools.TestTypes.Unit.UnitTestAdapter, Microsoft.VisualStudio.QualityTools.Tips.UnitTest.Adapter, Version=9.0.0.0, Culture=neutral, PublicKeyToken=b03f5f7f11d50a3a" className="MatozDz.Tests.Controllers.AccountControllerTest, MatozDz.Tests" name="RegisterPostReturnsViewIfPasswordIsTooShort" />
    </UnitTest>
    <UnitTest name="About" storage="d:\perso\portablegit-1.7.0.2\matozdz\matozdz.tests\bin\debug\matozdz.tests.dll" id="246cfd1f-1bd7-e31f-df15-896476b32d86">
      <Css projectStructure="" iteration="" />
      <Owners>
        <Owner name="" />
      </Owners>
      <Execution id="b84dd7e0-e09c-4a5c-aecc-75f4a0f10614" />
      <TestMethod codeBase="D:\perso\PortableGit-1.7.0.2\MatozDz\MatozDz.Tests\bin\Debug\MatozDz.Tests.dll" adapterTypeName="Microsoft.VisualStudio.TestTools.TestTypes.Unit.UnitTestAdapter, Microsoft.VisualStudio.QualityTools.Tips.UnitTest.Adapter, Version=9.0.0.0, Culture=neutral, PublicKeyToken=b03f5f7f11d50a3a" className="MatozDz.Tests.Controllers.HomeControllerTest, MatozDz.Tests" name="About" />
    </UnitTest>
    <UnitTest name="ChangePasswordPostReturnsViewIfProviderRejectsPassword" storage="d:\perso\portablegit-1.7.0.2\matozdz\matozdz.tests\bin\debug\matozdz.tests.dll" id="2c22fde1-3ca1-2770-2133-70b836ae896e">
      <Css projectStructure="" iteration="" />
      <Owners>
        <Owner name="" />
      </Owners>
      <Execution id="d9cc4ecc-c576-4132-8236-bffcc51724ca" />
      <TestMethod codeBase="D:\perso\PortableGit-1.7.0.2\MatozDz\MatozDz.Tests\bin\Debug\MatozDz.Tests.dll" adapterTypeName="Microsoft.VisualStudio.TestTools.TestTypes.Unit.UnitTestAdapter, Microsoft.VisualStudio.QualityTools.Tips.UnitTest.Adapter, Version=9.0.0.0, Culture=neutral, PublicKeyToken=b03f5f7f11d50a3a" className="MatozDz.Tests.Controllers.AccountControllerTest, MatozDz.Tests" name="ChangePasswordPostReturnsViewIfProviderRejectsPassword" />
    </UnitTest>
    <UnitTest name="RegisterPostReturnsViewIfRegistrationFails" storage="d:\perso\portablegit-1.7.0.2\matozdz\matozdz.tests\bin\debug\matozdz.tests.dll" id="edfd9a58-9ab3-b60a-6a6c-3a2f7153df38">
      <Css projectStructure="" iteration="" />
      <Owners>
        <Owner name="" />
      </Owners>
      <Execution id="76bc9c66-95c8-475c-9214-aa2745650c85" />
      <TestMethod codeBase="D:\perso\PortableGit-1.7.0.2\MatozDz\MatozDz.Tests\bin\Debug\MatozDz.Tests.dll" adapterTypeName="Microsoft.VisualStudio.TestTools.TestTypes.Unit.UnitTestAdapter, Microsoft.VisualStudio.QualityTools.Tips.UnitTest.Adapter, Version=9.0.0.0, Culture=neutral, PublicKeyToken=b03f5f7f11d50a3a" className="MatozDz.Tests.Controllers.AccountControllerTest, MatozDz.Tests" name="RegisterPostReturnsViewIfRegistrationFails" />
    </UnitTest>
    <UnitTest name="LoginPostReturnsViewIfUsernameNotSpecified" storage="d:\perso\portablegit-1.7.0.2\matozdz\matozdz.tests\bin\debug\matozdz.tests.dll" id="74097b89-cd70-d627-b081-a2899a99cd36">
      <Css projectStructure="" iteration="" />
      <Owners>
        <Owner name="" />
      </Owners>
      <Execution id="19c2592c-cd16-43b8-b733-268efb5e0c63" />
      <TestMethod codeBase="D:\perso\PortableGit-1.7.0.2\MatozDz\MatozDz.Tests\bin\Debug\MatozDz.Tests.dll" adapterTypeName="Microsoft.VisualStudio.TestTools.TestTypes.Unit.UnitTestAdapter, Microsoft.VisualStudio.QualityTools.Tips.UnitTest.Adapter, Version=9.0.0.0, Culture=neutral, PublicKeyToken=b03f5f7f11d50a3a" className="MatozDz.Tests.Controllers.AccountControllerTest, MatozDz.Tests" name="LoginPostReturnsViewIfUsernameNotSpecified" />
    </UnitTest>
    <UnitTest name="LoginPostRedirectsHomeIfLoginSuccessfulButNoReturnUrlGiven" storage="d:\perso\portablegit-1.7.0.2\matozdz\matozdz.tests\bin\debug\matozdz.tests.dll" id="8c66aa41-849e-e769-1558-175b08b172b3">
      <Css projectStructure="" iteration="" />
      <Owners>
        <Owner name="" />
      </Owners>
      <Execution id="56c0ce07-a958-4228-a5a3-8abe1c30fa65" />
      <TestMethod codeBase="D:\perso\PortableGit-1.7.0.2\MatozDz\MatozDz.Tests\bin\Debug\MatozDz.Tests.dll" adapterTypeName="Microsoft.VisualStudio.TestTools.TestTypes.Unit.UnitTestAdapter, Microsoft.VisualStudio.QualityTools.Tips.UnitTest.Adapter, Version=9.0.0.0, Culture=neutral, PublicKeyToken=b03f5f7f11d50a3a" className="MatozDz.Tests.Controllers.AccountControllerTest, MatozDz.Tests" name="LoginPostRedirectsHomeIfLoginSuccessfulButNoReturnUrlGiven" />
    </UnitTest>
  </TestDefinitions>
  <TestLists>
    <TestList name="Results Not in a List" id="8c84fa94-04c1-424b-9868-57a2d4851a1d" />
    <TestList name="All Loaded Results" id="19431567-8539-422a-85d7-44ee4e166bda" />
  </TestLists>
  <TestEntries>
    <TestEntry testId="03361f2c-a02a-fdcd-b9b9-2e8f894080d1" executionId="c87d768e-5eee-462c-8eff-2f61461608c1" testListId="8c84fa94-04c1-424b-9868-57a2d4851a1d" />
    <TestEntry testId="069d5d8f-e259-5dce-f1c0-6904771e0a23" executionId="81a2dd49-c851-4184-a507-60da1b4fe10e" testListId="8c84fa94-04c1-424b-9868-57a2d4851a1d" />
    <TestEntry testId="0a7f453c-5904-f2bf-f36a-5014a7c89ed4" executionId="8755e7f9-0437-441b-aeec-e08bd04aa9c9" testListId="8c84fa94-04c1-424b-9868-57a2d4851a1d" />
    <TestEntry testId="1445f4ea-da88-ebf0-d788-652b3f12165b" executionId="b87c5ff2-ed92-4f03-876e-b58d158db453" testListId="8c84fa94-04c1-424b-9868-57a2d4851a1d" />
    <TestEntry testId="246cfd1f-1bd7-e31f-df15-896476b32d86" executionId="b84dd7e0-e09c-4a5c-aecc-75f4a0f10614" testListId="8c84fa94-04c1-424b-9868-57a2d4851a1d" />
    <TestEntry testId="2c22fde1-3ca1-2770-2133-70b836ae896e" executionId="d9cc4ecc-c576-4132-8236-bffcc51724ca" testListId="8c84fa94-04c1-424b-9868-57a2d4851a1d" />
    <TestEntry testId="31643a1b-5291-6a2e-6366-2be1fd54189a" executionId="ebf79ac4-3672-4a38-a513-86fe91fd60ed" testListId="8c84fa94-04c1-424b-9868-57a2d4851a1d" />
    <TestEntry testId="37dfb60e-7e9f-c930-6c91-2137f5e7feb2" executionId="ac8a574e-c7af-4b9d-8673-72333da92dd5" testListId="8c84fa94-04c1-424b-9868-57a2d4851a1d" />
    <TestEntry testId="3c5750ae-d54e-5654-b6dd-fb7660f6e6d6" executionId="cb9154cf-dfa2-4a45-a8c4-5203b6535f76" testListId="8c84fa94-04c1-424b-9868-57a2d4851a1d" />
    <TestEntry testId="4b61dc4a-c50c-c234-4639-aea86125e359" executionId="2af732e9-757b-412a-ac48-2c97972efde0" testListId="8c84fa94-04c1-424b-9868-57a2d4851a1d" />
    <TestEntry testId="5cea7934-393b-e1e2-618f-1997dd69098a" executionId="b2ced3f6-c322-4378-b67b-2297b53ca0fd" testListId="8c84fa94-04c1-424b-9868-57a2d4851a1d" />
    <TestEntry testId="6ebb0810-211a-a4e1-775c-fe38b606a877" executionId="a9119af0-d15b-4f72-992b-f46c470aeec7" testListId="8c84fa94-04c1-424b-9868-57a2d4851a1d" />
    <TestEntry testId="74097b89-cd70-d627-b081-a2899a99cd36" executionId="19c2592c-cd16-43b8-b733-268efb5e0c63" testListId="8c84fa94-04c1-424b-9868-57a2d4851a1d" />
    <TestEntry testId="7b72557b-f4f3-0169-4308-2f572e39d95b" executionId="4c83fafe-2763-48b5-869c-f5f63e6d61c3" testListId="8c84fa94-04c1-424b-9868-57a2d4851a1d" />
    <TestEntry testId="84207a5e-5ea6-d259-f96c-6824da00e75b" executionId="d42cd815-1a5d-4eb6-8897-02e8d967bff0" testListId="8c84fa94-04c1-424b-9868-57a2d4851a1d" />
    <TestEntry testId="867e847b-45ad-8c3d-cba2-19573cbd72dd" executionId="3f1fcbc4-ed5a-4d1b-85cf-b25b6c1ddf90" testListId="8c84fa94-04c1-424b-9868-57a2d4851a1d" />
    <TestEntry testId="8c66aa41-849e-e769-1558-175b08b172b3" executionId="56c0ce07-a958-4228-a5a3-8abe1c30fa65" testListId="8c84fa94-04c1-424b-9868-57a2d4851a1d" />
    <TestEntry testId="8e8d4803-cf26-e534-24b3-73c5a0178cdf" executionId="6e987a7d-2188-4a04-90fc-23a240ed71fc" testListId="8c84fa94-04c1-424b-9868-57a2d4851a1d" />
    <TestEntry testId="92d750e1-a809-cb20-7701-0c6a27c4f0cf" executionId="d3bd093e-b49a-4e5b-9b47-ba23a4788ea8" testListId="8c84fa94-04c1-424b-9868-57a2d4851a1d" />
    <TestEntry testId="9828ba1b-a8c2-15f7-91c2-4d06e2eeb36e" executionId="f8891752-0c0f-4048-889a-78514ff6d32c" testListId="8c84fa94-04c1-424b-9868-57a2d4851a1d" />
    <TestEntry testId="a6791254-787a-fa12-3c28-68b847a3aee2" executionId="a2eea15b-1121-4712-941a-fb0fb332c9c4" testListId="8c84fa94-04c1-424b-9868-57a2d4851a1d" />
    <TestEntry testId="b24967be-a82a-c881-175f-f8c4b7f521fb" executionId="75c6448f-194f-4950-a3a9-d191d7fbaaf0" testListId="8c84fa94-04c1-424b-9868-57a2d4851a1d" />
    <TestEntry testId="b5aeb3df-c1ca-fb3a-8002-27672db6307f" executionId="e6784db9-d839-48cc-8ea5-efb69a5805cb" testListId="8c84fa94-04c1-424b-9868-57a2d4851a1d" />
    <TestEntry testId="ca92acac-163e-4e33-d2ba-d002704af95a" executionId="3b411069-705e-4d1e-9f1e-82e278ebcc9b" testListId="8c84fa94-04c1-424b-9868-57a2d4851a1d" />
    <TestEntry testId="cf856182-5fe9-6fbf-d16d-6d11bbb2deb5" executionId="e9f1d7cc-90fa-4aa6-ba80-19793039dd35" testListId="8c84fa94-04c1-424b-9868-57a2d4851a1d" />
    <TestEntry testId="edfd9a58-9ab3-b60a-6a6c-3a2f7153df38" executionId="76bc9c66-95c8-475c-9214-aa2745650c85" testListId="8c84fa94-04c1-424b-9868-57a2d4851a1d" />
  </TestEntries>
  <Results>
    <UnitTestResult executionId="c87d768e-5eee-462c-8eff-2f61461608c1" testId="03361f2c-a02a-fdcd-b9b9-2e8f894080d1" testName="LoginGet" computerName="MIC5925" duration="00:00:00.0619152" startTime="2010-06-14T11:26:52.6610738-04:00" endTime="2010-06-14T11:26:53.0518738-04:00" testType="13cdc9d9-ddb5-4fa4-a97d-d965ccfc6d4b" outcome="Failed" testListId="8c84fa94-04c1-424b-9868-57a2d4851a1d">
      <Output>
        <ErrorInfo>
          <Message>Test method MatozDz.Tests.Controllers.AccountControllerTest.LoginGet threw exception:  System.ArgumentException: The specified named connection is either not found in the configuration, not intended to be used with the EntityClient provider, or not valid..</Message>
          <StackTrace>    at System.Data.EntityClient.EntityConnection.ChangeConnectionString(String newConnectionString)
   at System.Data.EntityClient.EntityConnection..ctor(String connectionString)
   at System.Data.Objects.ObjectContext.CreateEntityConnection(String connectionString)
   at System.Data.Objects.ObjectContext..ctor(String connectionString, String defaultContainerName)
   at MatozDz.Models.MatozDzEntities..ctor() in D:\perso\PortableGit-1.7.0.2\MatozDz\MatozDz\Models\MatozDzModel.Designer.cs:line 38
   at MatozDz.Models.StoresRepository..ctor() in D:\perso\PortableGit-1.7.0.2\MatozDz\MatozDz\Models\StoresRepository.cs:line 13
   at MatozDz.Tests.Controllers.AccountControllerTest.GetAccountController() in D:\perso\PortableGit-1.7.0.2\MatozDz\MatozDz.Tests\Controllers\AccountControllerTest.cs:line 364
   at MatozDz.Tests.Controllers.AccountControllerTest.LoginGet() in D:\perso\PortableGit-1.7.0.2\MatozDz\MatozDz.Tests\Controllers\AccountControllerTest.cs:line 159
</StackTrace>
        </ErrorInfo>
      </Output>
    </UnitTestResult>
    <UnitTestResult executionId="81a2dd49-c851-4184-a507-60da1b4fe10e" testId="069d5d8f-e259-5dce-f1c0-6904771e0a23" testName="ChangePasswordPostRedirectsOnSuccess" computerName="MIC5925" duration="00:00:00.0007120" startTime="2010-06-14T11:26:53.0675058-04:00" endTime="2010-06-14T11:26:53.0675058-04:00" testType="13cdc9d9-ddb5-4fa4-a97d-d965ccfc6d4b" outcome="Failed" testListId="8c84fa94-04c1-424b-9868-57a2d4851a1d">
      <Output>
        <ErrorInfo>
          <Message>Test method MatozDz.Tests.Controllers.AccountControllerTest.ChangePasswordPostRedirectsOnSuccess threw exception:  System.ArgumentException: The specified named connection is either not found in the configuration, not intended to be used with the EntityClient provider, or not valid..</Message>
          <StackTrace>    at System.Data.EntityClient.EntityConnection.ChangeConnectionString(String newConnectionString)
   at System.Data.EntityClient.EntityConnection..ctor(String connectionString)
   at System.Data.Objects.ObjectContext.CreateEntityConnection(String connectionString)
   at System.Data.Objects.ObjectContext..ctor(String connectionString, String defaultContainerName)
   at MatozDz.Models.MatozDzEntities..ctor() in D:\perso\PortableGit-1.7.0.2\MatozDz\MatozDz\Models\MatozDzModel.Designer.cs:line 38
   at MatozDz.Models.StoresRepository..ctor() in D:\perso\PortableGit-1.7.0.2\MatozDz\MatozDz\Models\StoresRepository.cs:line 13
   at MatozDz.Tests.Controllers.AccountControllerTest.GetAccountController() in D:\perso\PortableGit-1.7.0.2\MatozDz\MatozDz.Tests\Controllers\AccountControllerTest.cs:line 364
   at MatozDz.Tests.Controllers.AccountControllerTest.ChangePasswordPostRedirectsOnSuccess() in D:\perso\PortableGit-1.7.0.2\MatozDz\MatozDz.Tests\Controllers\AccountControllerTest.cs:line 36
</StackTrace>
        </ErrorInfo>
      </Output>
    </UnitTestResult>
    <UnitTestResult executionId="8755e7f9-0437-441b-aeec-e08bd04aa9c9" testId="0a7f453c-5904-f2bf-f36a-5014a7c89ed4" testName="ChangePasswordGetReturnsView" computerName="MIC5925" duration="00:00:00.0006623" startTime="2010-06-14T11:26:53.0675058-04:00" endTime="2010-06-14T11:26:53.0675058-04:00" testType="13cdc9d9-ddb5-4fa4-a97d-d965ccfc6d4b" outcome="Failed" testListId="8c84fa94-04c1-424b-9868-57a2d4851a1d">
      <Output>
        <ErrorInfo>
          <Message>Test method MatozDz.Tests.Controllers.AccountControllerTest.ChangePasswordGetReturnsView threw exception:  System.ArgumentException: The specified named connection is either not found in the configuration, not intended to be used with the EntityClient provider, or not valid..</Message>
          <StackTrace>    at System.Data.EntityClient.EntityConnection.ChangeConnectionString(String newConnectionString)
   at System.Data.EntityClient.EntityConnection..ctor(String connectionString)
   at System.Data.Objects.ObjectContext.CreateEntityConnection(String connectionString)
   at System.Data.Objects.ObjectContext..ctor(String connectionString, String defaultContainerName)
   at MatozDz.Models.MatozDzEntities..ctor() in D:\perso\PortableGit-1.7.0.2\MatozDz\MatozDz\Models\MatozDzModel.Designer.cs:line 38
   at MatozDz.Models.StoresRepository..ctor() in D:\perso\PortableGit-1.7.0.2\MatozDz\MatozDz\Models\StoresRepository.cs:line 13
   at MatozDz.Tests.Controllers.AccountControllerTest.GetAccountController() in D:\perso\PortableGit-1.7.0.2\MatozDz\MatozDz.Tests\Controllers\AccountControllerTest.cs:line 364
   at MatozDz.Tests.Controllers.AccountControllerTest.ChangePasswordGetReturnsView() in D:\perso\PortableGit-1.7.0.2\MatozDz\MatozDz.Tests\Controllers\AccountControllerTest.cs:line 23
</StackTrace>
        </ErrorInfo>
      </Output>
    </UnitTestResult>
    <UnitTestResult executionId="b87c5ff2-ed92-4f03-876e-b58d158db453" testId="1445f4ea-da88-ebf0-d788-652b3f12165b" testName="ConstructorSetsProperties" computerName="MIC5925" duration="00:00:00.0155326" startTime="2010-06-14T11:26:53.0675058-04:00" endTime="2010-06-14T11:26:53.0831378-04:00" testType="13cdc9d9-ddb5-4fa4-a97d-d965ccfc6d4b" outcome="Failed" testListId="8c84fa94-04c1-424b-9868-57a2d4851a1d">
      <Output>
        <ErrorInfo>
          <Message>Test method MatozDz.Tests.Controllers.AccountControllerTest.ConstructorSetsProperties threw exception:  System.ArgumentException: The specified named connection is either not found in the configuration, not intended to be used with the EntityClient provider, or not valid..</Message>
          <StackTrace>    at System.Data.EntityClient.EntityConnection.ChangeConnectionString(String newConnectionString)
   at System.Data.EntityClient.EntityConnection..ctor(String connectionString)
   at System.Data.Objects.ObjectContext.CreateEntityConnection(String connectionString)
   at System.Data.Objects.ObjectContext..ctor(String connectionString, String defaultContainerName)
   at MatozDz.Models.MatozDzEntities..ctor() in D:\perso\PortableGit-1.7.0.2\MatozDz\MatozDz\Models\MatozDzModel.Designer.cs:line 38
   at MatozDz.Models.StoresRepository..ctor() in D:\perso\PortableGit-1.7.0.2\MatozDz\MatozDz\Models\StoresRepository.cs:line 13
   at MatozDz.Tests.Controllers.AccountControllerTest.ConstructorSetsProperties() in D:\perso\PortableGit-1.7.0.2\MatozDz\MatozDz.Tests\Controllers\AccountControllerTest.cs:line 134
</StackTrace>
        </ErrorInfo>
      </Output>
    </UnitTestResult>
    <UnitTestResult executionId="b84dd7e0-e09c-4a5c-aecc-75f4a0f10614" testId="246cfd1f-1bd7-e31f-df15-896476b32d86" testName="About" computerName="MIC5925" duration="00:00:00.0015625" startTime="2010-06-14T11:26:53.0987698-04:00" endTime="2010-06-14T11:26:53.0987698-04:00" testType="13cdc9d9-ddb5-4fa4-a97d-d965ccfc6d4b" outcome="Failed" testListId="8c84fa94-04c1-424b-9868-57a2d4851a1d">
      <Output>
        <ErrorInfo>
          <Message>Test method MatozDz.Tests.Controllers.HomeControllerTest.About threw exception:  System.ArgumentException: The specified named connection is either not found in the configuration, not intended to be used with the EntityClient provider, or not valid..</Message>
          <StackTrace>    at System.Data.EntityClient.EntityConnection.ChangeConnectionString(String newConnectionString)
   at System.Data.EntityClient.EntityConnection..ctor(String connectionString)
   at System.Data.Objects.ObjectContext.CreateEntityConnection(String connectionString)
   at System.Data.Objects.ObjectContext..ctor(String connectionString, String defaultContainerName)
   at MatozDz.Models.MatozDzEntities..ctor() in D:\perso\PortableGit-1.7.0.2\MatozDz\MatozDz\Models\MatozDzModel.Designer.cs:line 38
   at MatozDz.Models.StoresRepository..ctor() in D:\perso\PortableGit-1.7.0.2\MatozDz\MatozDz\Models\StoresRepository.cs:line 13
   at MatozDz.Controllers.HomeController..ctor() in D:\perso\PortableGit-1.7.0.2\MatozDz\MatozDz\Controllers\HomeController.cs:line 12
   at MatozDz.Tests.Controllers.HomeControllerTest.About() in D:\perso\PortableGit-1.7.0.2\MatozDz\MatozDz.Tests\Controllers\HomeControllerTest.cs:line 33
</StackTrace>
        </ErrorInfo>
      </Output>
    </UnitTestResult>
    <UnitTestResult executionId="d9cc4ecc-c576-4132-8236-bffcc51724ca" testId="2c22fde1-3ca1-2770-2133-70b836ae896e" testName="ChangePasswordPostReturnsViewIfProviderRejectsPassword" computerName="MIC5925" duration="00:00:00.0013391" startTime="2010-06-14T11:26:53.0987698-04:00" endTime="2010-06-14T11:26:53.0987698-04:00" testType="13cdc9d9-ddb5-4fa4-a97d-d965ccfc6d4b" outcome="Failed" testListId="8c84fa94-04c1-424b-9868-57a2d4851a1d">
      <Output>
        <ErrorInfo>
          <Message>Test method MatozDz.Tests.Controllers.AccountControllerTest.ChangePasswordPostReturnsViewIfProviderRejectsPassword threw exception:  System.ArgumentException: The specified named connection is either not found in the configuration, not intended to be used with the EntityClient provider, or not valid..</Message>
          <StackTrace>    at System.Data.EntityClient.EntityConnection.ChangeConnectionString(String newConnectionString)
   at System.Data.EntityClient.EntityConnection..ctor(String connectionString)
   at System.Data.Objects.ObjectContext.CreateEntityConnection(String connectionString)
   at System.Data.Objects.ObjectContext..ctor(String connectionString, String defaultContainerName)
   at MatozDz.Models.MatozDzEntities..ctor() in D:\perso\PortableGit-1.7.0.2\MatozDz\MatozDz\Models\MatozDzModel.Designer.cs:line 38
   at MatozDz.Models.StoresRepository..ctor() in D:\perso\PortableGit-1.7.0.2\MatozDz\MatozDz\Models\StoresRepository.cs:line 13
   at MatozDz.Tests.Controllers.AccountControllerTest.GetAccountController() in D:\perso\PortableGit-1.7.0.2\MatozDz\MatozDz.Tests\Controllers\AccountControllerTest.cs:line 364
   at MatozDz.Tests.Controllers.AccountControllerTest.ChangePasswordPostReturnsViewIfProviderRejectsPassword() in D:\perso\PortableGit-1.7.0.2\MatozDz\MatozDz.Tests\Controllers\AccountControllerTest.cs:line 105
</StackTrace>
        </ErrorInfo>
      </Output>
    </UnitTestResult>
    <UnitTestResult executionId="ebf79ac4-3672-4a38-a513-86fe91fd60ed" testId="31643a1b-5291-6a2e-6366-2be1fd54189a" testName="ChangePasswordSuccess" computerName="MIC5925" duration="00:00:00.0006321" startTime="2010-06-14T11:26:53.0987698-04:00" endTime="2010-06-14T11:26:53.1144018-04:00" testType="13cdc9d9-ddb5-4fa4-a97d-d965ccfc6d4b" outcome="Failed" testListId="8c84fa94-04c1-424b-9868-57a2d4851a1d">
      <Output>
        <ErrorInfo>
          <Message>Test method MatozDz.Tests.Controllers.AccountControllerTest.ChangePasswordSuccess threw exception:  System.ArgumentException: The specified named connection is either not found in the configuration, not intended to be used with the EntityClient provider, or not valid..</Message>
          <StackTrace>    at System.Data.EntityClient.EntityConnection.ChangeConnectionString(String newConnectionString)
   at System.Data.EntityClient.EntityConnection..ctor(String connectionString)
   at System.Data.Objects.ObjectContext.CreateEntityConnection(String connectionString)
   at System.Data.Objects.ObjectContext..ctor(String connectionString, String defaultContainerName)
   at MatozDz.Models.MatozDzEntities..ctor() in D:\perso\PortableGit-1.7.0.2\MatozDz\MatozDz\Models\MatozDzModel.Designer.cs:line 38
   at MatozDz.Models.StoresRepository..ctor() in D:\perso\PortableGit-1.7.0.2\MatozDz\MatozDz\Models\StoresRepository.cs:line 13
   at MatozDz.Tests.Controllers.AccountControllerTest.GetAccountController() in D:\perso\PortableGit-1.7.0.2\MatozDz\MatozDz.Tests\Controllers\AccountControllerTest.cs:line 364
   at MatozDz.Tests.Controllers.AccountControllerTest.ChangePasswordSuccess() in D:\perso\PortableGit-1.7.0.2\MatozDz\MatozDz.Tests\Controllers\AccountControllerTest.cs:line 119
</StackTrace>
        </ErrorInfo>
      </Output>
    </UnitTestResult>
    <UnitTestResult executionId="ac8a574e-c7af-4b9d-8673-72333da92dd5" testId="37dfb60e-7e9f-c930-6c91-2137f5e7feb2" testName="LoginPostReturnsViewIfUsernameOrPasswordIsIncorrect" computerName="MIC5925" duration="00:00:00.0011242" startTime="2010-06-14T11:26:53.1144018-04:00" endTime="2010-06-14T11:26:53.1144018-04:00" testType="13cdc9d9-ddb5-4fa4-a97d-d965ccfc6d4b" outcome="Failed" testListId="8c84fa94-04c1-424b-9868-57a2d4851a1d">
      <Output>
        <ErrorInfo>
          <Message>Test method MatozDz.Tests.Controllers.AccountControllerTest.LoginPostReturnsViewIfUsernameOrPasswordIsIncorrect threw exception:  System.ArgumentException: The specified named connection is either not found in the configuration, not intended to be used with the EntityClient provider, or not valid..</Message>
          <StackTrace>    at System.Data.EntityClient.EntityConnection.ChangeConnectionString(String newConnectionString)
   at System.Data.EntityClient.EntityConnection..ctor(String connectionString)
   at System.Data.Objects.ObjectContext.CreateEntityConnection(String connectionString)
   at System.Data.Objects.ObjectContext..ctor(String connectionString, String defaultContainerName)
   at MatozDz.Models.MatozDzEntities..ctor() in D:\perso\PortableGit-1.7.0.2\MatozDz\MatozDz\Models\MatozDzModel.Designer.cs:line 38
   at MatozDz.Models.StoresRepository..ctor() in D:\perso\PortableGit-1.7.0.2\MatozDz\MatozDz\Models\StoresRepository.cs:line 13
   at MatozDz.Tests.Controllers.AccountControllerTest.GetAccountController() in D:\perso\PortableGit-1.7.0.2\MatozDz\MatozDz.Tests\Controllers\AccountControllerTest.cs:line 364
   at MatozDz.Tests.Controllers.AccountControllerTest.LoginPostReturnsViewIfUsernameOrPasswordIsIncorrect() in D:\perso\PortableGit-1.7.0.2\MatozDz\MatozDz.Tests\Controllers\AccountControllerTest.cs:line 225
</StackTrace>
        </ErrorInfo>
      </Output>
    </UnitTestResult>
    <UnitTestResult executionId="cb9154cf-dfa2-4a45-a8c4-5203b6535f76" testId="3c5750ae-d54e-5654-b6dd-fb7660f6e6d6" testName="ChangePasswordPostReturnsViewIfCurrentPasswordNotSpecified" computerName="MIC5925" duration="00:00:00.0007376" startTime="2010-06-14T11:26:53.1144018-04:00" endTime="2010-06-14T11:26:53.1144018-04:00" testType="13cdc9d9-ddb5-4fa4-a97d-d965ccfc6d4b" outcome="Failed" testListId="8c84fa94-04c1-424b-9868-57a2d4851a1d">
      <Output>
        <ErrorInfo>
          <Message>Test method MatozDz.Tests.Controllers.AccountControllerTest.ChangePasswordPostReturnsViewIfCurrentPasswordNotSpecified threw exception:  System.ArgumentException: The specified named connection is either not found in the configuration, not intended to be used with the EntityClient provider, or not valid..</Message>
          <StackTrace>    at System.Data.EntityClient.EntityConnection.ChangeConnectionString(String newConnectionString)
   at System.Data.EntityClient.EntityConnection..ctor(String connectionString)
   at System.Data.Objects.ObjectContext.CreateEntityConnection(String connectionString)
   at System.Data.Objects.ObjectContext..ctor(String connectionString, String defaultContainerName)
   at MatozDz.Models.MatozDzEntities..ctor() in D:\perso\PortableGit-1.7.0.2\MatozDz\MatozDz\Models\MatozDzModel.Designer.cs:line 38
   at MatozDz.Models.StoresRepository..ctor() in D:\perso\PortableGit-1.7.0.2\MatozDz\MatozDz\Models\StoresRepository.cs:line 13
   at MatozDz.Tests.Controllers.AccountControllerTest.GetAccountController() in D:\perso\PortableGit-1.7.0.2\MatozDz\MatozDz.Tests\Controllers\AccountControllerTest.cs:line 364
   at MatozDz.Tests.Controllers.AccountControllerTest.ChangePasswordPostReturnsViewIfCurrentPasswordNotSpecified() in D:\perso\PortableGit-1.7.0.2\MatozDz\MatozDz.Tests\Controllers\AccountControllerTest.cs:line 49
</StackTrace>
        </ErrorInfo>
      </Output>
    </UnitTestResult>
    <UnitTestResult executionId="2af732e9-757b-412a-ac48-2c97972efde0" testId="4b61dc4a-c50c-c234-4639-aea86125e359" testName="ChangePasswordPostReturnsViewIfNewPasswordDoesNotMatchConfirmPassword" computerName="MIC5925" duration="00:00:00.0007305" startTime="2010-06-14T11:26:53.1144018-04:00" endTime="2010-06-14T11:26:53.1144018-04:00" testType="13cdc9d9-ddb5-4fa4-a97d-d965ccfc6d4b" outcome="Failed" testListId="8c84fa94-04c1-424b-9868-57a2d4851a1d">
      <Output>
        <ErrorInfo>
          <Message>Test method MatozDz.Tests.Controllers.AccountControllerTest.ChangePasswordPostReturnsViewIfNewPasswordDoesNotMatchConfirmPassword threw exception:  System.ArgumentException: The specified named connection is either not found in the configuration, not intended to be used with the EntityClient provider, or not valid..</Message>
          <StackTrace>    at System.Data.EntityClient.EntityConnection.ChangeConnectionString(String newConnectionString)
   at System.Data.EntityClient.EntityConnection..ctor(String connectionString)
   at System.Data.Objects.ObjectContext.CreateEntityConnection(String connectionString)
   at System.Data.Objects.ObjectContext..ctor(String connectionString, String defaultContainerName)
   at MatozDz.Models.MatozDzEntities..ctor() in D:\perso\PortableGit-1.7.0.2\MatozDz\MatozDz\Models\MatozDzModel.Designer.cs:line 38
   at MatozDz.Models.StoresRepository..ctor() in D:\perso\PortableGit-1.7.0.2\MatozDz\MatozDz\Models\StoresRepository.cs:line 13
   at MatozDz.Tests.Controllers.AccountControllerTest.GetAccountController() in D:\perso\PortableGit-1.7.0.2\MatozDz\MatozDz.Tests\Controllers\AccountControllerTest.cs:line 364
   at MatozDz.Tests.Controllers.AccountControllerTest.ChangePasswordPostReturnsViewIfNewPasswordDoesNotMatchConfirmPassword() in D:\perso\PortableGit-1.7.0.2\MatozDz\MatozDz.Tests\Controllers\AccountControllerTest.cs:line 63
</StackTrace>
        </ErrorInfo>
      </Output>
    </UnitTestResult>
    <UnitTestResult executionId="b2ced3f6-c322-4378-b67b-2297b53ca0fd" testId="5cea7934-393b-e1e2-618f-1997dd69098a" testName="RegisterPostReturnsViewIfPasswordIsTooShort" computerName="MIC5925" duration="00:00:00.0007754" startTime="2010-06-14T11:26:53.1144018-04:00" endTime="2010-06-14T11:26:53.1144018-04:00" testType="13cdc9d9-ddb5-4fa4-a97d-d965ccfc6d4b" outcome="Failed" testListId="8c84fa94-04c1-424b-9868-57a2d4851a1d">
      <Output>
        <ErrorInfo>
          <Message>Test method MatozDz.Tests.Controllers.AccountControllerTest.RegisterPostReturnsViewIfPasswordIsTooShort threw exception:  System.ArgumentException: The specified named connection is either not found in the configuration, not intended to be used with the EntityClient provider, or not valid..</Message>
          <StackTrace>    at System.Data.EntityClient.EntityConnection.ChangeConnectionString(String newConnectionString)
   at System.Data.EntityClient.EntityConnection..ctor(String connectionString)
   at System.Data.Objects.ObjectContext.CreateEntityConnection(String connectionString)
   at System.Data.Objects.ObjectContext..ctor(String connectionString, String defaultContainerName)
   at MatozDz.Models.MatozDzEntities..ctor() in D:\perso\PortableGit-1.7.0.2\MatozDz\MatozDz\Models\MatozDzModel.Designer.cs:line 38
   at MatozDz.Models.StoresRepository..ctor() in D:\perso\PortableGit-1.7.0.2\MatozDz\MatozDz\Models\StoresRepository.cs:line 13
   at MatozDz.Tests.Controllers.AccountControllerTest.GetAccountController() in D:\perso\PortableGit-1.7.0.2\MatozDz\MatozDz.Tests\Controllers\AccountControllerTest.cs:line 364
   at MatozDz.Tests.Controllers.AccountControllerTest.RegisterPostReturnsViewIfPasswordIsTooShort() in D:\perso\PortableGit-1.7.0.2\MatozDz\MatozDz.Tests\Controllers\AccountControllerTest.cs:line 321
</StackTrace>
        </ErrorInfo>
      </Output>
    </UnitTestResult>
    <UnitTestResult executionId="a9119af0-d15b-4f72-992b-f46c470aeec7" testId="6ebb0810-211a-a4e1-775c-fe38b606a877" testName="RegisterPostRedirectsHomeIfRegistrationSuccessful" computerName="MIC5925" duration="00:00:00.0006743" startTime="2010-06-14T11:26:53.1144018-04:00" endTime="2010-06-14T11:26:53.1300338-04:00" testType="13cdc9d9-ddb5-4fa4-a97d-d965ccfc6d4b" outcome="Failed" testListId="8c84fa94-04c1-424b-9868-57a2d4851a1d">
      <Output>
        <ErrorInfo>
          <Message>Test method MatozDz.Tests.Controllers.AccountControllerTest.RegisterPostRedirectsHomeIfRegistrationSuccessful threw exception:  System.ArgumentException: The specified named connection is either not found in the configuration, not intended to be used with the EntityClient provider, or not valid..</Message>
          <StackTrace>    at System.Data.EntityClient.EntityConnection.ChangeConnectionString(String newConnectionString)
   at System.Data.EntityClient.EntityConnection..ctor(String connectionString)
   at System.Data.Objects.ObjectContext.CreateEntityConnection(String connectionString)
   at System.Data.Objects.ObjectContext..ctor(String connectionString, String defaultContainerName)
   at MatozDz.Models.MatozDzEntities..ctor() in D:\perso\PortableGit-1.7.0.2\MatozDz\MatozDz\Models\MatozDzModel.Designer.cs:line 38
   at MatozDz.Models.StoresRepository..ctor() in D:\perso\PortableGit-1.7.0.2\MatozDz\MatozDz\Models\StoresRepository.cs:line 13
   at MatozDz.Tests.Controllers.AccountControllerTest.GetAccountController() in D:\perso\PortableGit-1.7.0.2\MatozDz\MatozDz.Tests\Controllers\AccountControllerTest.cs:line 364
   at MatozDz.Tests.Controllers.AccountControllerTest.RegisterPostRedirectsHomeIfRegistrationSuccessful() in D:\perso\PortableGit-1.7.0.2\MatozDz\MatozDz.Tests\Controllers\AccountControllerTest.cs:line 265
</StackTrace>
        </ErrorInfo>
      </Output>
    </UnitTestResult>
    <UnitTestResult executionId="19c2592c-cd16-43b8-b733-268efb5e0c63" testId="74097b89-cd70-d627-b081-a2899a99cd36" testName="LoginPostReturnsViewIfUsernameNotSpecified" computerName="MIC5925" duration="00:00:00.0008152" startTime="2010-06-14T11:26:53.1300338-04:00" endTime="2010-06-14T11:26:53.1300338-04:00" testType="13cdc9d9-ddb5-4fa4-a97d-d965ccfc6d4b" outcome="Failed" testListId="8c84fa94-04c1-424b-9868-57a2d4851a1d">
      <Output>
        <ErrorInfo>
          <Message>Test method MatozDz.Tests.Controllers.AccountControllerTest.LoginPostReturnsViewIfUsernameNotSpecified threw exception:  System.ArgumentException: The specified named connection is either not found in the configuration, not intended to be used with the EntityClient provider, or not valid..</Message>
          <StackTrace>    at System.Data.EntityClient.EntityConnection.ChangeConnectionString(String newConnectionString)
   at System.Data.EntityClient.EntityConnection..ctor(String connectionString)
   at System.Data.Objects.ObjectContext.CreateEntityConnection(String connectionString)
   at System.Data.Objects.ObjectContext..ctor(String connectionString, String defaultContainerName)
   at MatozDz.Models.MatozDzEntities..ctor() in D:\perso\PortableGit-1.7.0.2\MatozDz\MatozDz\Models\MatozDzModel.Designer.cs:line 38
   at MatozDz.Models.StoresRepository..ctor() in D:\perso\PortableGit-1.7.0.2\MatozDz\MatozDz\Models\StoresRepository.cs:line 13
   at MatozDz.Tests.Controllers.AccountControllerTest.GetAccountController() in D:\perso\PortableGit-1.7.0.2\MatozDz\MatozDz.Tests\Controllers\AccountControllerTest.cs:line 364
   at MatozDz.Tests.Controllers.AccountControllerTest.LoginPostReturnsViewIfUsernameNotSpecified() in D:\perso\PortableGit-1.7.0.2\MatozDz\MatozDz.Tests\Controllers\AccountControllerTest.cs:line 212
</StackTrace>
        </ErrorInfo>
      </Output>
    </UnitTestResult>
    <UnitTestResult executionId="4c83fafe-2763-48b5-869c-f5f63e6d61c3" testId="7b72557b-f4f3-0169-4308-2f572e39d95b" testName="RegisterPostReturnsViewIfNewPasswordDoesNotMatchConfirmPassword" computerName="MIC5925" duration="00:00:00.0007676" startTime="2010-06-14T11:26:53.1300338-04:00" endTime="2010-06-14T11:26:53.1300338-04:00" testType="13cdc9d9-ddb5-4fa4-a97d-d965ccfc6d4b" outcome="Failed" testListId="8c84fa94-04c1-424b-9868-57a2d4851a1d">
      <Output>
        <ErrorInfo>
          <Message>Test method MatozDz.Tests.Controllers.AccountControllerTest.RegisterPostReturnsViewIfNewPasswordDoesNotMatchConfirmPassword threw exception:  System.ArgumentException: The specified named connection is either not found in the configuration, not intended to be used with the EntityClient provider, or not valid..</Message>
          <StackTrace>    at System.Data.EntityClient.EntityConnection.ChangeConnectionString(String newConnectionString)
   at System.Data.EntityClient.EntityConnection..ctor(String connectionString)
   at System.Data.Objects.ObjectContext.CreateEntityConnection(String connectionString)
   at System.Data.Objects.ObjectContext..ctor(String connectionString, String defaultContainerName)
   at MatozDz.Models.MatozDzEntities..ctor() in D:\perso\PortableGit-1.7.0.2\MatozDz\MatozDz\Models\MatozDzModel.Designer.cs:line 38
   at MatozDz.Models.StoresRepository..ctor() in D:\perso\PortableGit-1.7.0.2\MatozDz\MatozDz\Models\StoresRepository.cs:line 13
   at MatozDz.Tests.Controllers.AccountControllerTest.GetAccountController() in D:\perso\PortableGit-1.7.0.2\MatozDz\MatozDz.Tests\Controllers\AccountControllerTest.cs:line 364
   at MatozDz.Tests.Controllers.AccountControllerTest.RegisterPostReturnsViewIfNewPasswordDoesNotMatchConfirmPassword() in D:\perso\PortableGit-1.7.0.2\MatozDz\MatozDz.Tests\Controllers\AccountControllerTest.cs:line 293
</StackTrace>
        </ErrorInfo>
      </Output>
    </UnitTestResult>
    <UnitTestResult executionId="d42cd815-1a5d-4eb6-8897-02e8d967bff0" testId="84207a5e-5ea6-d259-f96c-6824da00e75b" testName="ConstructorSetsPropertiesToDefaultValues" computerName="MIC5925" duration="00:00:00.0012637" startTime="2010-06-14T11:26:53.1300338-04:00" endTime="2010-06-14T11:26:53.1300338-04:00" testType="13cdc9d9-ddb5-4fa4-a97d-d965ccfc6d4b" outcome="Failed" testListId="8c84fa94-04c1-424b-9868-57a2d4851a1d">
      <Output>
        <ErrorInfo>
          <Message>Test method MatozDz.Tests.Controllers.AccountControllerTest.ConstructorSetsPropertiesToDefaultValues threw exception:  System.ArgumentException: The specified named connection is either not found in the configuration, not intended to be used with the EntityClient provider, or not valid..</Message>
          <StackTrace>    at System.Data.EntityClient.EntityConnection.ChangeConnectionString(String newConnectionString)
   at System.Data.EntityClient.EntityConnection..ctor(String connectionString)
   at System.Data.Objects.ObjectContext.CreateEntityConnection(String connectionString)
   at System.Data.Objects.ObjectContext..ctor(String connectionString, String defaultContainerName)
   at MatozDz.Models.MatozDzEntities..ctor() in D:\perso\PortableGit-1.7.0.2\MatozDz\MatozDz\Models\MatozDzModel.Designer.cs:line 38
   at MatozDz.Models.StoresRepository..ctor() in D:\perso\PortableGit-1.7.0.2\MatozDz\MatozDz\Models\StoresRepository.cs:line 13
   at MatozDz.Controllers.AccountController..ctor(IFormsAuthentication formsAuth, IMembershipService service, IStoresRepository repository) in D:\perso\PortableGit-1.7.0.2\MatozDz\MatozDz\Controllers\AccountController.cs:line 48
   at MatozDz.Controllers.AccountController..ctor() in D:\perso\PortableGit-1.7.0.2\MatozDz\MatozDz\Controllers\AccountController.cs:line 24
   at MatozDz.Tests.Controllers.AccountControllerTest.ConstructorSetsPropertiesToDefaultValues() in D:\perso\PortableGit-1.7.0.2\MatozDz\MatozDz.Tests\Controllers\AccountControllerTest.cs:line 148
</StackTrace>
        </ErrorInfo>
      </Output>
    </UnitTestResult>
    <UnitTestResult executionId="3f1fcbc4-ed5a-4d1b-85cf-b25b6c1ddf90" testId="867e847b-45ad-8c3d-cba2-19573cbd72dd" testName="RegisterPostReturnsViewIfUsernameNotSpecified" computerName="MIC5925" duration="00:00:00.0008995" startTime="2010-06-14T11:26:53.1300338-04:00" endTime="2010-06-14T11:26:53.1456658-04:00" testType="13cdc9d9-ddb5-4fa4-a97d-d965ccfc6d4b" outcome="Failed" testListId="8c84fa94-04c1-424b-9868-57a2d4851a1d">
      <Output>
        <ErrorInfo>
          <Message>Test method MatozDz.Tests.Controllers.AccountControllerTest.RegisterPostReturnsViewIfUsernameNotSpecified threw exception:  System.ArgumentException: The specified named connection is either not found in the configuration, not intended to be used with the EntityClient provider, or not valid..</Message>
          <StackTrace>    at System.Data.EntityClient.EntityConnection.ChangeConnectionString(String newConnectionString)
   at System.Data.EntityClient.EntityConnection..ctor(String connectionString)
   at System.Data.Objects.ObjectContext.CreateEntityConnection(String connectionString)
   at System.Data.Objects.ObjectContext..ctor(String connectionString, String defaultContainerName)
   at MatozDz.Models.MatozDzEntities..ctor() in D:\perso\PortableGit-1.7.0.2\MatozDz\MatozDz\Models\MatozDzModel.Designer.cs:line 38
   at MatozDz.Models.StoresRepository..ctor() in D:\perso\PortableGit-1.7.0.2\MatozDz\MatozDz\Models\StoresRepository.cs:line 13
   at MatozDz.Tests.Controllers.AccountControllerTest.GetAccountController() in D:\perso\PortableGit-1.7.0.2\MatozDz\MatozDz.Tests\Controllers\AccountControllerTest.cs:line 364
   at MatozDz.Tests.Controllers.AccountControllerTest.RegisterPostReturnsViewIfUsernameNotSpecified() in D:\perso\PortableGit-1.7.0.2\MatozDz\MatozDz.Tests\Controllers\AccountControllerTest.cs:line 349
</StackTrace>
        </ErrorInfo>
      </Output>
    </UnitTestResult>
    <UnitTestResult executionId="56c0ce07-a958-4228-a5a3-8abe1c30fa65" testId="8c66aa41-849e-e769-1558-175b08b172b3" testName="LoginPostRedirectsHomeIfLoginSuccessfulButNoReturnUrlGiven" computerName="MIC5925" duration="00:00:00.0006874" startTime="2010-06-14T11:26:53.1456658-04:00" endTime="2010-06-14T11:26:53.1456658-04:00" testType="13cdc9d9-ddb5-4fa4-a97d-d965ccfc6d4b" outcome="Failed" testListId="8c84fa94-04c1-424b-9868-57a2d4851a1d">
      <Output>
        <ErrorInfo>
          <Message>Test method MatozDz.Tests.Controllers.AccountControllerTest.LoginPostRedirectsHomeIfLoginSuccessfulButNoReturnUrlGiven threw exception:  System.ArgumentException: The specified named connection is either not found in the configuration, not intended to be used with the EntityClient provider, or not valid..</Message>
          <StackTrace>    at System.Data.EntityClient.EntityConnection.ChangeConnectionString(String newConnectionString)
   at System.Data.EntityClient.EntityConnection..ctor(String connectionString)
   at System.Data.Objects.ObjectContext.CreateEntityConnection(String connectionString)
   at System.Data.Objects.ObjectContext..ctor(String connectionString, String defaultContainerName)
   at MatozDz.Models.MatozDzEntities..ctor() in D:\perso\PortableGit-1.7.0.2\MatozDz\MatozDz\Models\MatozDzModel.Designer.cs:line 38
   at MatozDz.Models.StoresRepository..ctor() in D:\perso\PortableGit-1.7.0.2\MatozDz\MatozDz\Models\StoresRepository.cs:line 13
   at MatozDz.Tests.Controllers.AccountControllerTest.GetAccountController() in D:\perso\PortableGit-1.7.0.2\MatozDz\MatozDz.Tests\Controllers\AccountControllerTest.cs:line 364
   at MatozDz.Tests.Controllers.AccountControllerTest.LoginPostRedirectsHomeIfLoginSuccessfulButNoReturnUrlGiven() in D:\perso\PortableGit-1.7.0.2\MatozDz\MatozDz.Tests\Controllers\AccountControllerTest.cs:line 172
</StackTrace>
        </ErrorInfo>
      </Output>
    </UnitTestResult>
    <UnitTestResult executionId="6e987a7d-2188-4a04-90fc-23a240ed71fc" testId="8e8d4803-cf26-e534-24b3-73c5a0178cdf" testName="ChangePasswordPostReturnsViewIfNewPasswordIsNull" computerName="MIC5925" duration="00:00:00.0011182" startTime="2010-06-14T11:26:53.1456658-04:00" endTime="2010-06-14T11:26:53.1456658-04:00" testType="13cdc9d9-ddb5-4fa4-a97d-d965ccfc6d4b" outcome="Failed" testListId="8c84fa94-04c1-424b-9868-57a2d4851a1d">
      <Output>
        <ErrorInfo>
          <Message>Test method MatozDz.Tests.Controllers.AccountControllerTest.ChangePasswordPostReturnsViewIfNewPasswordIsNull threw exception:  System.ArgumentException: The specified named connection is either not found in the configuration, not intended to be used with the EntityClient provider, or not valid..</Message>
          <StackTrace>    at System.Data.EntityClient.EntityConnection.ChangeConnectionString(String newConnectionString)
   at System.Data.EntityClient.EntityConnection..ctor(String connectionString)
   at System.Data.Objects.ObjectContext.CreateEntityConnection(String connectionString)
   at System.Data.Objects.ObjectContext..ctor(String connectionString, String defaultContainerName)
   at MatozDz.Models.MatozDzEntities..ctor() in D:\perso\PortableGit-1.7.0.2\MatozDz\MatozDz\Models\MatozDzModel.Designer.cs:line 38
   at MatozDz.Models.StoresRepository..ctor() in D:\perso\PortableGit-1.7.0.2\MatozDz\MatozDz\Models\StoresRepository.cs:line 13
   at MatozDz.Tests.Controllers.AccountControllerTest.GetAccountController() in D:\perso\PortableGit-1.7.0.2\MatozDz\MatozDz.Tests\Controllers\AccountControllerTest.cs:line 364
   at MatozDz.Tests.Controllers.AccountControllerTest.ChangePasswordPostReturnsViewIfNewPasswordIsNull() in D:\perso\PortableGit-1.7.0.2\MatozDz\MatozDz.Tests\Controllers\AccountControllerTest.cs:line 77
</StackTrace>
        </ErrorInfo>
      </Output>
    </UnitTestResult>
    <UnitTestResult executionId="d3bd093e-b49a-4e5b-9b47-ba23a4788ea8" testId="92d750e1-a809-cb20-7701-0c6a27c4f0cf" testName="ChangePasswordPostReturnsViewIfNewPasswordIsTooShort" computerName="MIC5925" duration="00:00:00.0010955" startTime="2010-06-14T11:26:53.1456658-04:00" endTime="2010-06-14T11:26:53.1456658-04:00" testType="13cdc9d9-ddb5-4fa4-a97d-d965ccfc6d4b" outcome="Failed" testListId="8c84fa94-04c1-424b-9868-57a2d4851a1d">
      <Output>
        <ErrorInfo>
          <Message>Test method MatozDz.Tests.Controllers.AccountControllerTest.ChangePasswordPostReturnsViewIfNewPasswordIsTooShort threw exception:  System.ArgumentException: The specified named connection is either not found in the configuration, not intended to be used with the EntityClient provider, or not valid..</Message>
          <StackTrace>    at System.Data.EntityClient.EntityConnection.ChangeConnectionString(String newConnectionString)
   at System.Data.EntityClient.EntityConnection..ctor(String connectionString)
   at System.Data.Objects.ObjectContext.CreateEntityConnection(String connectionString)
   at System.Data.Objects.ObjectContext..ctor(String connectionString, String defaultContainerName)
   at MatozDz.Models.MatozDzEntities..ctor() in D:\perso\PortableGit-1.7.0.2\MatozDz\MatozDz\Models\MatozDzModel.Designer.cs:line 38
   at MatozDz.Models.StoresRepository..ctor() in D:\perso\PortableGit-1.7.0.2\MatozDz\MatozDz\Models\StoresRepository.cs:line 13
   at MatozDz.Tests.Controllers.AccountControllerTest.GetAccountController() in D:\perso\PortableGit-1.7.0.2\MatozDz\MatozDz.Tests\Controllers\AccountControllerTest.cs:line 364
   at MatozDz.Tests.Controllers.AccountControllerTest.ChangePasswordPostReturnsViewIfNewPasswordIsTooShort() in D:\perso\PortableGit-1.7.0.2\MatozDz\MatozDz.Tests\Controllers\AccountControllerTest.cs:line 91
</StackTrace>
        </ErrorInfo>
      </Output>
    </UnitTestResult>
    <UnitTestResult executionId="f8891752-0c0f-4048-889a-78514ff6d32c" testId="9828ba1b-a8c2-15f7-91c2-4d06e2eeb36e" testName="LogOff" computerName="MIC5925" duration="00:00:00.0009959" startTime="2010-06-14T11:26:53.1456658-04:00" endTime="2010-06-14T11:26:53.1612978-04:00" testType="13cdc9d9-ddb5-4fa4-a97d-d965ccfc6d4b" outcome="Failed" testListId="8c84fa94-04c1-424b-9868-57a2d4851a1d">
      <Output>
        <ErrorInfo>
          <Message>Test method MatozDz.Tests.Controllers.AccountControllerTest.LogOff threw exception:  System.ArgumentException: The specified named connection is either not found in the configuration, not intended to be used with the EntityClient provider, or not valid..</Message>
          <StackTrace>    at System.Data.EntityClient.EntityConnection.ChangeConnectionString(String newConnectionString)
   at System.Data.EntityClient.EntityConnection..ctor(String connectionString)
   at System.Data.Objects.ObjectContext.CreateEntityConnection(String connectionString)
   at System.Data.Objects.ObjectContext..ctor(String connectionString, String defaultContainerName)
   at MatozDz.Models.MatozDzEntities..ctor() in D:\perso\PortableGit-1.7.0.2\MatozDz\MatozDz\Models\MatozDzModel.Designer.cs:line 38
   at MatozDz.Models.StoresRepository..ctor() in D:\perso\PortableGit-1.7.0.2\MatozDz\MatozDz\Models\StoresRepository.cs:line 13
   at MatozDz.Tests.Controllers.AccountControllerTest.GetAccountController() in D:\perso\PortableGit-1.7.0.2\MatozDz\MatozDz.Tests\Controllers\AccountControllerTest.cs:line 364
   at MatozDz.Tests.Controllers.AccountControllerTest.LogOff() in D:\perso\PortableGit-1.7.0.2\MatozDz\MatozDz.Tests\Controllers\AccountControllerTest.cs:line 238
</StackTrace>
        </ErrorInfo>
      </Output>
    </UnitTestResult>
    <UnitTestResult executionId="a2eea15b-1121-4712-941a-fb0fb332c9c4" testId="a6791254-787a-fa12-3c28-68b847a3aee2" testName="RegisterGet" computerName="MIC5925" duration="00:00:00.0009531" startTime="2010-06-14T11:26:53.1612978-04:00" endTime="2010-06-14T11:26:53.1612978-04:00" testType="13cdc9d9-ddb5-4fa4-a97d-d965ccfc6d4b" outcome="Failed" testListId="8c84fa94-04c1-424b-9868-57a2d4851a1d">
      <Output>
        <ErrorInfo>
          <Message>Test method MatozDz.Tests.Controllers.AccountControllerTest.RegisterGet threw exception:  System.ArgumentException: The specified named connection is either not found in the configuration, not intended to be used with the EntityClient provider, or not valid..</Message>
          <StackTrace>    at System.Data.EntityClient.EntityConnection.ChangeConnectionString(String newConnectionString)
   at System.Data.EntityClient.EntityConnection..ctor(String connectionString)
   at System.Data.Objects.ObjectContext.CreateEntityConnection(String connectionString)
   at System.Data.Objects.ObjectContext..ctor(String connectionString, String defaultContainerName)
   at MatozDz.Models.MatozDzEntities..ctor() in D:\perso\PortableGit-1.7.0.2\MatozDz\MatozDz\Models\MatozDzModel.Designer.cs:line 38
   at MatozDz.Models.StoresRepository..ctor() in D:\perso\PortableGit-1.7.0.2\MatozDz\MatozDz\Models\StoresRepository.cs:line 13
   at MatozDz.Tests.Controllers.AccountControllerTest.GetAccountController() in D:\perso\PortableGit-1.7.0.2\MatozDz\MatozDz.Tests\Controllers\AccountControllerTest.cs:line 364
   at MatozDz.Tests.Controllers.AccountControllerTest.RegisterGet() in D:\perso\PortableGit-1.7.0.2\MatozDz\MatozDz.Tests\Controllers\AccountControllerTest.cs:line 252
</StackTrace>
        </ErrorInfo>
      </Output>
    </UnitTestResult>
    <UnitTestResult executionId="75c6448f-194f-4950-a3a9-d191d7fbaaf0" testId="b24967be-a82a-c881-175f-f8c4b7f521fb" testName="LoginPostReturnsViewIfPasswordNotSpecified" computerName="MIC5925" duration="00:00:00.0010520" startTime="2010-06-14T11:26:53.1612978-04:00" endTime="2010-06-14T11:26:53.1612978-04:00" testType="13cdc9d9-ddb5-4fa4-a97d-d965ccfc6d4b" outcome="Failed" testListId="8c84fa94-04c1-424b-9868-57a2d4851a1d">
      <Output>
        <ErrorInfo>
          <Message>Test method MatozDz.Tests.Controllers.AccountControllerTest.LoginPostReturnsViewIfPasswordNotSpecified threw exception:  System.ArgumentException: The specified named connection is either not found in the configuration, not intended to be used with the EntityClient provider, or not valid..</Message>
          <StackTrace>    at System.Data.EntityClient.EntityConnection.ChangeConnectionString(String newConnectionString)
   at System.Data.EntityClient.EntityConnection..ctor(String connectionString)
   at System.Data.Objects.ObjectContext.CreateEntityConnection(String connectionString)
   at System.Data.Objects.ObjectContext..ctor(String connectionString, String defaultContainerName)
   at MatozDz.Models.MatozDzEntities..ctor() in D:\perso\PortableGit-1.7.0.2\MatozDz\MatozDz\Models\MatozDzModel.Designer.cs:line 38
   at MatozDz.Models.StoresRepository..ctor() in D:\perso\PortableGit-1.7.0.2\MatozDz\MatozDz\Models\StoresRepository.cs:line 13
   at MatozDz.Tests.Controllers.AccountControllerTest.GetAccountController() in D:\perso\PortableGit-1.7.0.2\MatozDz\MatozDz.Tests\Controllers\AccountControllerTest.cs:line 364
   at MatozDz.Tests.Controllers.AccountControllerTest.LoginPostReturnsViewIfPasswordNotSpecified() in D:\perso\PortableGit-1.7.0.2\MatozDz\MatozDz.Tests\Controllers\AccountControllerTest.cs:line 199
</StackTrace>
        </ErrorInfo>
      </Output>
    </UnitTestResult>
    <UnitTestResult executionId="e6784db9-d839-48cc-8ea5-efb69a5805cb" testId="b5aeb3df-c1ca-fb3a-8002-27672db6307f" testName="LoginPostRedirectsToReturnUrlIfLoginSuccessfulAndReturnUrlGiven" computerName="MIC5925" duration="00:00:00.0011905" startTime="2010-06-14T11:26:53.1612978-04:00" endTime="2010-06-14T11:26:53.1612978-04:00" testType="13cdc9d9-ddb5-4fa4-a97d-d965ccfc6d4b" outcome="Failed" testListId="8c84fa94-04c1-424b-9868-57a2d4851a1d">
      <Output>
        <ErrorInfo>
          <Message>Test method MatozDz.Tests.Controllers.AccountControllerTest.LoginPostRedirectsToReturnUrlIfLoginSuccessfulAndReturnUrlGiven threw exception:  System.ArgumentException: The specified named connection is either not found in the configuration, not intended to be used with the EntityClient provider, or not valid..</Message>
          <StackTrace>    at System.Data.EntityClient.EntityConnection.ChangeConnectionString(String newConnectionString)
   at System.Data.EntityClient.EntityConnection..ctor(String connectionString)
   at System.Data.Objects.ObjectContext.CreateEntityConnection(String connectionString)
   at System.Data.Objects.ObjectContext..ctor(String connectionString, String defaultContainerName)
   at MatozDz.Models.MatozDzEntities..ctor() in D:\perso\PortableGit-1.7.0.2\MatozDz\MatozDz\Models\MatozDzModel.Designer.cs:line 38
   at MatozDz.Models.StoresRepository..ctor() in D:\perso\PortableGit-1.7.0.2\MatozDz\MatozDz\Models\StoresRepository.cs:line 13
   at MatozDz.Tests.Controllers.AccountControllerTest.GetAccountController() in D:\perso\PortableGit-1.7.0.2\MatozDz\MatozDz.Tests\Controllers\AccountControllerTest.cs:line 364
   at MatozDz.Tests.Controllers.AccountControllerTest.LoginPostRedirectsToReturnUrlIfLoginSuccessfulAndReturnUrlGiven() in D:\perso\PortableGit-1.7.0.2\MatozDz\MatozDz.Tests\Controllers\AccountControllerTest.cs:line 186
</StackTrace>
        </ErrorInfo>
      </Output>
    </UnitTestResult>
    <UnitTestResult executionId="3b411069-705e-4d1e-9f1e-82e278ebcc9b" testId="ca92acac-163e-4e33-d2ba-d002704af95a" testName="RegisterPostReturnsViewIfPasswordIsNull" computerName="MIC5925" duration="00:00:00.0007763" startTime="2010-06-14T11:26:53.1612978-04:00" endTime="2010-06-14T11:26:53.1612978-04:00" testType="13cdc9d9-ddb5-4fa4-a97d-d965ccfc6d4b" outcome="Failed" testListId="8c84fa94-04c1-424b-9868-57a2d4851a1d">
      <Output>
        <ErrorInfo>
          <Message>Test method MatozDz.Tests.Controllers.AccountControllerTest.RegisterPostReturnsViewIfPasswordIsNull threw exception:  System.ArgumentException: The specified named connection is either not found in the configuration, not intended to be used with the EntityClient provider, or not valid..</Message>
          <StackTrace>    at System.Data.EntityClient.EntityConnection.ChangeConnectionString(String newConnectionString)
   at System.Data.EntityClient.EntityConnection..ctor(String connectionString)
   at System.Data.Objects.ObjectContext.CreateEntityConnection(String connectionString)
   at System.Data.Objects.ObjectContext..ctor(String connectionString, String defaultContainerName)
   at MatozDz.Models.MatozDzEntities..ctor() in D:\perso\PortableGit-1.7.0.2\MatozDz\MatozDz\Models\MatozDzModel.Designer.cs:line 38
   at MatozDz.Models.StoresRepository..ctor() in D:\perso\PortableGit-1.7.0.2\MatozDz\MatozDz\Models\StoresRepository.cs:line 13
   at MatozDz.Tests.Controllers.AccountControllerTest.GetAccountController() in D:\perso\PortableGit-1.7.0.2\MatozDz\MatozDz.Tests\Controllers\AccountControllerTest.cs:line 364
   at MatozDz.Tests.Controllers.AccountControllerTest.RegisterPostReturnsViewIfPasswordIsNull() in D:\perso\PortableGit-1.7.0.2\MatozDz\MatozDz.Tests\Controllers\AccountControllerTest.cs:line 307
</StackTrace>
        </ErrorInfo>
      </Output>
    </UnitTestResult>
    <UnitTestResult executionId="e9f1d7cc-90fa-4aa6-ba80-19793039dd35" testId="cf856182-5fe9-6fbf-d16d-6d11bbb2deb5" testName="RegisterPostReturnsViewIfEmailNotSpecified" computerName="MIC5925" duration="00:00:00.0008197" startTime="2010-06-14T11:26:53.1612978-04:00" endTime="2010-06-14T11:26:53.1769298-04:00" testType="13cdc9d9-ddb5-4fa4-a97d-d965ccfc6d4b" outcome="Failed" testListId="8c84fa94-04c1-424b-9868-57a2d4851a1d">
      <Output>
        <ErrorInfo>
          <Message>Test method MatozDz.Tests.Controllers.AccountControllerTest.RegisterPostReturnsViewIfEmailNotSpecified threw exception:  System.ArgumentException: The specified named connection is either not found in the configuration, not intended to be used with the EntityClient provider, or not valid..</Message>
          <StackTrace>    at System.Data.EntityClient.EntityConnection.ChangeConnectionString(String newConnectionString)
   at System.Data.EntityClient.EntityConnection..ctor(String connectionString)
   at System.Data.Objects.ObjectContext.CreateEntityConnection(String connectionString)
   at System.Data.Objects.ObjectContext..ctor(String connectionString, String defaultContainerName)
   at MatozDz.Models.MatozDzEntities..ctor() in D:\perso\PortableGit-1.7.0.2\MatozDz\MatozDz\Models\MatozDzModel.Designer.cs:line 38
   at MatozDz.Models.StoresRepository..ctor() in D:\perso\PortableGit-1.7.0.2\MatozDz\MatozDz\Models\StoresRepository.cs:line 13
   at MatozDz.Tests.Controllers.AccountControllerTest.GetAccountController() in D:\perso\PortableGit-1.7.0.2\MatozDz\MatozDz.Tests\Controllers\AccountControllerTest.cs:line 364
   at MatozDz.Tests.Controllers.AccountControllerTest.RegisterPostReturnsViewIfEmailNotSpecified() in D:\perso\PortableGit-1.7.0.2\MatozDz\MatozDz.Tests\Controllers\AccountControllerTest.cs:line 279
</StackTrace>
        </ErrorInfo>
      </Output>
    </UnitTestResult>
    <UnitTestResult executionId="76bc9c66-95c8-475c-9214-aa2745650c85" testId="edfd9a58-9ab3-b60a-6a6c-3a2f7153df38" testName="RegisterPostReturnsViewIfRegistrationFails" computerName="MIC5925" duration="00:00:00.0010875" startTime="2010-06-14T11:26:53.1769298-04:00" endTime="2010-06-14T11:26:53.1769298-04:00" testType="13cdc9d9-ddb5-4fa4-a97d-d965ccfc6d4b" outcome="Failed" testListId="8c84fa94-04c1-424b-9868-57a2d4851a1d">
      <Output>
        <ErrorInfo>
          <Message>Test method MatozDz.Tests.Controllers.AccountControllerTest.RegisterPostReturnsViewIfRegistrationFails threw exception:  System.ArgumentException: The specified named connection is either not found in the configuration, not intended to be used with the EntityClient provider, or not valid..</Message>
          <StackTrace>    at System.Data.EntityClient.EntityConnection.ChangeConnectionString(String newConnectionString)
   at System.Data.EntityClient.EntityConnection..ctor(String connectionString)
   at System.Data.Objects.ObjectContext.CreateEntityConnection(String connectionString)
   at System.Data.Objects.ObjectContext..ctor(String connectionString, String defaultContainerName)
   at MatozDz.Models.MatozDzEntities..ctor() in D:\perso\PortableGit-1.7.0.2\MatozDz\MatozDz\Models\MatozDzModel.Designer.cs:line 38
   at MatozDz.Models.StoresRepository..ctor() in D:\perso\PortableGit-1.7.0.2\MatozDz\MatozDz\Models\StoresRepository.cs:line 13
   at MatozDz.Tests.Controllers.AccountControllerTest.GetAccountController() in D:\perso\PortableGit-1.7.0.2\MatozDz\MatozDz.Tests\Controllers\AccountControllerTest.cs:line 364
   at MatozDz.Tests.Controllers.AccountControllerTest.RegisterPostReturnsViewIfRegistrationFails() in D:\perso\PortableGit-1.7.0.2\MatozDz\MatozDz.Tests\Controllers\AccountControllerTest.cs:line 335
</StackTrace>
        </ErrorInfo>
      </Output>
    </UnitTestResult>
  </Results>
</TestRun>